Script started on Sat Jul 10 15:41:47 2010
bash-3.2$ mkdir script
bash-3.2$ ls
total 48
-rwxr-xr-x  1 nick  staff   1343 Jul  9 14:42 [31mie.css[m[m
drwxr-xr-x  8 nick  staff    272 Jul  9 14:42 [34mplugins[m[m
-rwxr-xr-x@ 1 nick  staff   1311 Jul  9 14:42 [31mprint.css[m[m
-rwxr-xr-x@ 1 nick  staff  11119 Jul  9 14:42 [31mscreen.css[m[m
drwxr-xr-x  2 nick  staff     68 Jul 10 15:41 [34mscript[m[m
drwxr-xr-x  9 nick  staff    306 Jul  9 14:42 [34msrc[m[m
-rw-r--r--  1 nick  staff     43 Jul 10 15:41 typescript
bash-3.2$ cd script/
bash-3.2$ ls
bash-3.2$ git http://github.com/jquery/jquery-ui
git: 'http://github.com/jquery/jquery-ui' is not a git command. See 'git --help'.
bash-3.2$ git clone http://github.com/jquery/jquery-ui
Initialized empty Git repository in /Users/nick/Desktop/Code/flask_test/static/script/jquery-ui/.git/
fatal: http://github.com/jquery/jquery-ui/info/refs not found: did you run git update-server-info on the server?
bash-3.2$ git clone http://github.com/jquery/jquery-ui[Cghttp://github.com/jquery/jquery-ui[C[C[C[C[C[C[C[C[C[C[C[C[C[C[C[C[C[C[C[C[Cihttp://github.com/jquery/jquery-ui[C[C[C[C[C[C[C[C[C[C[C[C[C[C[C[C[C[C[C[C[C[Cghttp://github.com/jquery/jquery-ui[C[C[C[C[C[C[C[C[C[C[C[C[C[C[C[C[C[C[C[C[C[C[Cthttp://github.com/jquery/jquery-ui[C[C[C[C[C[C[C[C[C[C[C[C[C[C[C[C[C[C[C[C[C[C[C[C[1Phttp://github.com/jquery/jquery-ui[C[C[C[C[C[C[C[C[C[C[C[C[C[C[C[C[C[C[C[C[C[C[C[1Phttp://github.com/jquery/jquery-ui[C[C[C[C[C[C[C[C[C[C[C[C[C[C[C[C[C[C[C[C[C[Cthttp://github.com/jquery/jquery-ui[C[C[C[C[C[C[C[C[C[C[C[C[C[C[C[C[C[C[C[C[C[C[C:http://github.com/jquery/jquery-ui[C[C[C[C[C[C[C[C[C[C[C[C[C[C[C[C[C[C[C[C[C[C[C[C
Initialized empty Git repository in /Users/nick/Desktop/Code/flask_test/static/script/jquery-ui/.git/
fatal: I don't handle protocol 'git:http'
bash-3.2$ git clone git:http://github.com/jquery/jquery-ui
bash-3.2$ ls
bash-3.2$ lsgit clone git:http://github.com/jquery/jquery-ui[C[1P://github.com/jquery/jquery-ui[C[C[C[C[C[C[C[C[C[C[C[C[C[C[C[C[C[C[C[C[C[C[C[C[C[C[C[1P://github.com/jquery/jquery-ui[C[C[C[C[C[C[C[C[C[C[C[C[C[C[C[C[C[C[C[C[C[C[C[C[C[C[1P://github.com/jquery/jquery-ui[C[C[C[C[C[C[C[C[C[C[C[C[C[C[C[C[C[C[C[C[C[C[C[C[C[1P://github.com/jquery/jquery-ui[C[C[C[C[C[C[C[C[C[C[C[C[C[C[C[C[C[C[C[C[C[C[C[C[1P//github.com/jquery/jquery-ui[C[C[C[C[C[C[C[C[C[C[C[C[C[C[C[C[C[C[C[C[C[C[C
Initialized empty Git repository in /Users/nick/Desktop/Code/flask_test/static/script/jquery-ui/.git/
remote: Counting objects: 21957, done.[K
remote: Compressing objects:   0% (1/6318)   [Kremote: Compressing objects:   1% (64/6318)   [Kremote: Compressing objects:   2% (127/6318)   [Kremote: Compressing objects:   3% (190/6318)   [Kremote: Compressing objects:   4% (253/6318)   [Kremote: Compressing objects:   5% (316/6318)   [Kremote: Compressing objects:   6% (380/6318)   [Kremote: Compressing objects:   7% (443/6318)   [Kremote: Compressing objects:   8% (506/6318)   [Kremote: Compressing objects:   9% (569/6318)   [Kremote: Compressing objects:  10% (632/6318)   [Kremote: Compressing objects:  11% (695/6318)   [Kremote: Compressing objects:  12% (759/6318)   [Kremote: Compressing objects:  13% (822/6318)   [Kremote: Compressing objects:  14% (885/6318)   [Kremote: Compressing objects:  15% (948/6318)   [Kremote: Compressing objects:  16% (1011/6318)   [Kremote: Compressing objects:  17% (1075/6318)   [Kremote: Compressing objects:  18% (1138/6318)   [Kremote: Compressing objects:  19% (1201/6318)   [Kremote: Compressing objects:  20% (1264/6318)   [Kremote: Compressing objects:  21% (1327/6318)   [Kremote: Compressing objects:  22% (1390/6318)   [Kremote: Compressing objects:  23% (1454/6318)   [Kremote: Compressing objects:  24% (1517/6318)   [Kremote: Compressing objects:  25% (1580/6318)   [Kremote: Compressing objects:  26% (1643/6318)   [Kremote: Compressing objects:  27% (1706/6318)   [Kremote: Compressing objects:  28% (1770/6318)   [Kremote: Compressing objects:  29% (1833/6318)   [Kremote: Compressing objects:  30% (1896/6318)   [Kremote: Compressing objects:  31% (1959/6318)   [Kremote: Compressing objects:  32% (2022/6318)   [Kremote: Compressing objects:  33% (2085/6318)   [Kremote: Compressing objects:  34% (2149/6318)   [Kremote: Compressing objects:  35% (2212/6318)   [Kremote: Compressing objects:  36% (2275/6318)   [Kremote: Compressing objects:  37% (2338/6318)   [Kremote: Compressing objects:  38% (2401/6318)   [Kremote: Compressing objects:  39% (2465/6318)   [Kremote: Compressing objects:  40% (2528/6318)   [Kremote: Compressing objects:  41% (2591/6318)   [Kremote: Compressing objects:  42% (2654/6318)   [Kremote: Compressing objects:  43% (2717/6318)   [Kremote: Compressing objects:  44% (2780/6318)   [Kremote: Compressing objects:  45% (2844/6318)   [Kremote: Compressing objects:  46% (2907/6318)   [Kremote: Compressing objects:  47% (2970/6318)   [Kremote: Compressing objects:  48% (3033/6318)   [Kremote: Compressing objects:  49% (3096/6318)   [Kremote: Compressing objects:  50% (3159/6318)   [Kremote: Compressing objects:  51% (3223/6318)   [Kremote: Compressing objects:  52% (3286/6318)   [Kremote: Compressing objects:  53% (3349/6318)   [Kremote: Compressing objects:  54% (3412/6318)   [Kremote: Compressing objects:  55% (3475/6318)   [Kremote: Compressing objects:  56% (3539/6318)   [Kremote: Compressing objects:  57% (3602/6318)   [Kremote: Compressing objects:  58% (3665/6318)   [Kremote: Compressing objects:  59% (3728/6318)   [Kremote: Compressing objects:  60% (3791/6318)   [Kremote: Compressing objects:  61% (3854/6318)   [Kremote: Compressing objects:  62% (3918/6318)   [Kremote: Compressing objects:  63% (3981/6318)   [Kremote: Compressing objects:  64% (4044/6318)   [Kremote: Compressing objects:  65% (4107/6318)   [Kremote: Compressing objects:  66% (4170/6318)   [Kremote: Compressing objects:  67% (4234/6318)   [Kremote: Compressing objects:  68% (4297/6318)   [Kremote: Compressing objects:  69% (4360/6318)   [Kremote: Compressing objects:  70% (4423/6318)   [Kremote: Compressing objects:  71% (4486/6318)   [Kremote: Compressing objects:  72% (4549/6318)   [Kremote: Compressing objects:  73% (4613/6318)   [Kremote: Compressing objects:  74% (4676/6318)   [Kremote: Compressing objects:  75% (4739/6318)   [Kremote: Compressing objects:  76% (4802/6318)   [Kremote: Compressing objects:  77% (4865/6318)   [Kremote: Compressing objects:  78% (4929/6318)   [Kremote: Compressing objects:  79% (4992/6318)   [Kremote: Compressing objects:  80% (5055/6318)   [Kremote: Compressing objects:  81% (5118/6318)   [Kremote: Compressing objects:  82% (5181/6318)   [Kremote: Compressing objects:  83% (5244/6318)   [Kremote: Compressing objects:  84% (5308/6318)   [Kremote: Compressing objects:  85% (5371/6318)   [Kremote: Compressing objects:  86% (5434/6318)   [Kremote: Compressing objects:  87% (5497/6318)   [Kremote: Compressing objects:  88% (5560/6318)   [Kremote: Compressing objects:  89% (5624/6318)   [Kremote: Compressing objects:  90% (5687/6318)   [Kremote: Compressing objects:  91% (5750/6318)   [Kremote: Compressing objects:  92% (5813/6318)   [Kremote: Compressing objects:  93% (5876/6318)   [Kremote: Compressing objects:  94% (5939/6318)   [Kremote: Compressing objects:  95% (6003/6318)   [Kremote: Compressing objects:  96% (6066/6318)   [Kremote: Compressing objects:  97% (6129/6318)   [Kremote: Compressing objects:  98% (6192/6318)   [Kremote: Compressing objects:  99% (6255/6318)   [Kremote: Compressing objects: 100% (6318/6318)   [Kremote: Compressing objects: 100% (6318/6318), done.[K
Receiving objects:   0% (1/21957)   Receiving objects:   1% (220/21957)   Receiving objects:   2% (440/21957)   Receiving objects:   3% (659/21957)   Receiving objects:   4% (879/21957)   Receiving objects:   5% (1098/21957)   Receiving objects:   6% (1318/21957)   Receiving objects:   7% (1537/21957)   Receiving objects:   8% (1757/21957)   Receiving objects:   9% (1977/21957)   Receiving objects:  10% (2196/21957)   Receiving objects:  11% (2416/21957)   Receiving objects:  12% (2635/21957)   Receiving objects:  12% (2831/21957), 2.80 MiB | 2.78 MiB/s   Receiving objects:  13% (2855/21957), 2.80 MiB | 2.78 MiB/s   Receiving objects:  14% (3074/21957), 2.80 MiB | 2.78 MiB/s   Receiving objects:  15% (3294/21957), 4.69 MiB | 3.11 MiB/s   Receiving objects:  16% (3514/21957), 4.69 MiB | 3.11 MiB/s   Receiving objects:  17% (3733/21957), 4.69 MiB | 3.11 MiB/s   Receiving objects:  18% (3953/21957), 4.69 MiB | 3.11 MiB/s   Receiving objects:  19% (4172/21957), 4.69 MiB | 3.11 MiB/s   Receiving objects:  20% (4392/21957), 4.69 MiB | 3.11 MiB/s   Receiving objects:  21% (4611/21957), 4.69 MiB | 3.11 MiB/s   Receiving objects:  21% (4752/21957), 5.65 MiB | 2.81 MiB/s   Receiving objects:  22% (4831/21957), 5.65 MiB | 2.81 MiB/s   Receiving objects:  23% (5051/21957), 5.65 MiB | 2.81 MiB/s   Receiving objects:  24% (5270/21957), 5.65 MiB | 2.81 MiB/s   Receiving objects:  25% (5490/21957), 5.65 MiB | 2.81 MiB/s   Receiving objects:  26% (5709/21957), 5.65 MiB | 2.81 MiB/s   Receiving objects:  27% (5929/21957), 5.65 MiB | 2.81 MiB/s   Receiving objects:  28% (6148/21957), 5.65 MiB | 2.81 MiB/s   Receiving objects:  29% (6368/21957), 5.65 MiB | 2.81 MiB/s   Receiving objects:  30% (6588/21957), 5.65 MiB | 2.81 MiB/s   Receiving objects:  31% (6807/21957), 5.65 MiB | 2.81 MiB/s   Receiving objects:  32% (7027/21957), 5.65 MiB | 2.81 MiB/s   Receiving objects:  33% (7246/21957), 5.65 MiB | 2.81 MiB/s   Receiving objects:  34% (7466/21957), 5.65 MiB | 2.81 MiB/s   Receiving objects:  35% (7685/21957), 5.65 MiB | 2.81 MiB/s   Receiving objects:  36% (7905/21957), 5.65 MiB | 2.81 MiB/s   Receiving objects:  37% (8125/21957), 5.65 MiB | 2.81 MiB/s   Receiving objects:  38% (8344/21957), 5.65 MiB | 2.81 MiB/s   Receiving objects:  39% (8564/21957), 5.65 MiB | 2.81 MiB/s   Receiving objects:  40% (8783/21957), 5.65 MiB | 2.81 MiB/s   Receiving objects:  41% (9003/21957), 5.65 MiB | 2.81 MiB/s   Receiving objects:  42% (9222/21957), 5.65 MiB | 2.81 MiB/s   Receiving objects:  43% (9442/21957), 5.65 MiB | 2.81 MiB/s   Receiving objects:  44% (9662/21957), 5.65 MiB | 2.81 MiB/s   Receiving objects:  45% (9881/21957), 5.65 MiB | 2.81 MiB/s   Receiving objects:  46% (10101/21957), 5.65 MiB | 2.81 MiB/s   Receiving objects:  47% (10320/21957), 5.65 MiB | 2.81 MiB/s   Receiving objects:  48% (10540/21957), 5.65 MiB | 2.81 MiB/s   Receiving objects:  49% (10759/21957), 5.65 MiB | 2.81 MiB/s   Receiving objects:  50% (10979/21957), 5.65 MiB | 2.81 MiB/s   Receiving objects:  51% (11199/21957), 5.65 MiB | 2.81 MiB/s   Receiving objects:  52% (11418/21957), 5.65 MiB | 2.81 MiB/s   Receiving objects:  53% (11638/21957), 5.65 MiB | 2.81 MiB/s   Receiving objects:  54% (11857/21957), 5.65 MiB | 2.81 MiB/s   Receiving objects:  55% (12077/21957), 5.65 MiB | 2.81 MiB/s   Receiving objects:  56% (12296/21957), 5.65 MiB | 2.81 MiB/s   Receiving objects:  57% (12516/21957), 5.65 MiB | 2.81 MiB/s   Receiving objects:  58% (12736/21957), 5.65 MiB | 2.81 MiB/s   Receiving objects:  59% (12955/21957), 5.65 MiB | 2.81 MiB/s   Receiving objects:  60% (13175/21957), 5.65 MiB | 2.81 MiB/s   Receiving objects:  61% (13394/21957), 5.65 MiB | 2.81 MiB/s   Receiving objects:  62% (13614/21957), 5.65 MiB | 2.81 MiB/s   Receiving objects:  63% (13833/21957), 5.65 MiB | 2.81 MiB/s   Receiving objects:  64% (14053/21957), 5.65 MiB | 2.81 MiB/s   Receiving objects:  65% (14273/21957), 5.65 MiB | 2.81 MiB/s   Receiving objects:  66% (14492/21957), 5.65 MiB | 2.81 MiB/s   Receiving objects:  67% (14712/21957), 5.65 MiB | 2.81 MiB/s   Receiving objects:  68% (14931/21957), 5.65 MiB | 2.81 MiB/s   Receiving objects:  69% (15151/21957), 7.16 MiB | 2.85 MiB/s   Receiving objects:  70% (15370/21957), 7.16 MiB | 2.85 MiB/s   Receiving objects:  71% (15590/21957), 7.16 MiB | 2.85 MiB/s   Receiving objects:  72% (15810/21957), 7.16 MiB | 2.85 MiB/s   Receiving objects:  73% (16029/21957), 7.16 MiB | 2.85 MiB/s   Receiving objects:  74% (16249/21957), 7.16 MiB | 2.85 MiB/s   Receiving objects:  75% (16468/21957), 7.16 MiB | 2.85 MiB/s   Receiving objects:  76% (16688/21957), 7.16 MiB | 2.85 MiB/s   Receiving objects:  77% (16907/21957), 7.16 MiB | 2.85 MiB/s   Receiving objects:  78% (17127/21957), 7.16 MiB | 2.85 MiB/s   Receiving objects:  79% (17347/21957), 7.16 MiB | 2.85 MiB/s   Receiving objects:  80% (17566/21957), 7.16 MiB | 2.85 MiB/s   Receiving objects:  81% (17786/21957), 7.16 MiB | 2.85 MiB/s   Receiving objects:  82% (18005/21957), 7.16 MiB | 2.85 MiB/s   Receiving objects:  83% (18225/21957), 7.16 MiB | 2.85 MiB/s   Receiving objects:  84% (18444/21957), 7.16 MiB | 2.85 MiB/s   Receiving objects:  85% (18664/21957), 7.16 MiB | 2.85 MiB/s   Receiving objects:  86% (18884/21957), 7.16 MiB | 2.85 MiB/s   Receiving objects:  86% (18885/21957), 7.16 MiB | 2.85 MiB/s   Receiving objects:  87% (19103/21957), 9.00 MiB | 2.99 MiB/s   Receiving objects:  88% (19323/21957), 9.00 MiB | 2.99 MiB/s   Receiving objects:  89% (19542/21957), 9.00 MiB | 2.99 MiB/s   Receiving objects:  90% (19762/21957), 9.00 MiB | 2.99 MiB/s   Receiving objects:  91% (19981/21957), 9.00 MiB | 2.99 MiB/s   Receiving objects:  92% (20201/21957), 9.00 MiB | 2.99 MiB/s   Receiving objects:  93% (20421/21957), 9.00 MiB | 2.99 MiB/s   Receiving objects:  94% (20640/21957), 9.00 MiB | 2.99 MiB/s   Receiving objects:  95% (20860/21957), 9.00 MiB | 2.99 MiB/s   Receiving objects:  96% (21079/21957), 9.00 MiB | 2.99 MiB/s   Receiving objects:  97% (21299/21957), 9.00 MiB | 2.99 MiB/s   Receiving objects:  98% (21518/21957), 9.00 MiB | 2.99 MiB/s   Receiving objects:  99% (21738/21957), 9.00 MiB | 2.99 MiB/s   remote: Total 21957 (delta 15877), reused 21149 (delta 15277)[K
Receiving objects: 100% (21957/21957), 9.00 MiB | 2.99 MiB/s   Receiving objects: 100% (21957/21957), 9.71 MiB | 2.99 MiB/s, done.
Resolving deltas:   0% (1/15877)   Resolving deltas:   1% (176/15877)   Resolving deltas:   2% (359/15877)   Resolving deltas:   3% (544/15877)   Resolving deltas:   4% (638/15877)   Resolving deltas:   5% (796/15877)   Resolving deltas:   6% (963/15877)   Resolving deltas:   7% (1131/15877)   Resolving deltas:   8% (1277/15877)   Resolving deltas:   9% (1460/15877)   Resolving deltas:  10% (1595/15877)   Resolving deltas:  11% (1756/15877)   Resolving deltas:  12% (1906/15877)   Resolving deltas:  13% (2100/15877)   Resolving deltas:  14% (2240/15877)   Resolving deltas:  15% (2387/15877)   Resolving deltas:  16% (2551/15877)   Resolving deltas:  17% (2707/15877)   Resolving deltas:  18% (2858/15877)   Resolving deltas:  19% (3072/15877)   Resolving deltas:  20% (3265/15877)   Resolving deltas:  21% (3385/15877)   Resolving deltas:  22% (3500/15877)   Resolving deltas:  23% (3695/15877)   Resolving deltas:  24% (3816/15877)   Resolving deltas:  25% (3970/15877)   Resolving deltas:  26% (4129/15877)   Resolving deltas:  27% (4290/15877)   Resolving deltas:  28% (4466/15877)   Resolving deltas:  29% (4612/15877)   Resolving deltas:  30% (4765/15877)   Resolving deltas:  31% (4940/15877)   Resolving deltas:  32% (5085/15877)   Resolving deltas:  33% (5248/15877)   Resolving deltas:  34% (5412/15877)   Resolving deltas:  35% (5564/15877)   Resolving deltas:  36% (5747/15877)   Resolving deltas:  37% (5881/15877)   Resolving deltas:  38% (6034/15877)   Resolving deltas:  39% (6203/15877)   Resolving deltas:  40% (6394/15877)   Resolving deltas:  41% (6561/15877)   Resolving deltas:  42% (6722/15877)   Resolving deltas:  43% (6891/15877)   Resolving deltas:  44% (7040/15877)   Resolving deltas:  45% (7232/15877)   Resolving deltas:  46% (7443/15877)   Resolving deltas:  47% (7515/15877)   Resolving deltas:  48% (7645/15877)   Resolving deltas:  49% (7794/15877)   Resolving deltas:  50% (7951/15877)   Resolving deltas:  51% (8114/15877)   Resolving deltas:  52% (8326/15877)   Resolving deltas:  53% (8486/15877)   Resolving deltas:  54% (8576/15877)   Resolving deltas:  55% (8735/15877)   Resolving deltas:  56% (8904/15877)   Resolving deltas:  57% (9051/15877)   Resolving deltas:  58% (9212/15877)   Resolving deltas:  59% (9409/15877)   Resolving deltas:  60% (9527/15877)   Resolving deltas:  61% (9726/15877)   Resolving deltas:  62% (9883/15877)   Resolving deltas:  63% (10018/15877)   Resolving deltas:  64% (10252/15877)   Resolving deltas:  65% (10347/15877)   Resolving deltas:  66% (10487/15877)   Resolving deltas:  67% (10638/15877)   Resolving deltas:  68% (10821/15877)   Resolving deltas:  69% (10956/15877)   Resolving deltas:  70% (11163/15877)   Resolving deltas:  71% (11277/15877)   Resolving deltas:  72% (11452/15877)   Resolving deltas:  73% (11594/15877)   Resolving deltas:  74% (11751/15877)   Resolving deltas:  75% (11911/15877)   Resolving deltas:  76% (12075/15877)   Resolving deltas:  77% (12233/15877)   Resolving deltas:  78% (12413/15877)   Resolving deltas:  79% (12572/15877)   Resolving deltas:  80% (12809/15877)   Resolving deltas:  81% (12862/15877)   Resolving deltas:  82% (13035/15877)   Resolving deltas:  83% (13228/15877)   Resolving deltas:  84% (13341/15877)   Resolving deltas:  85% (13496/15877)   Resolving deltas:  86% (13691/15877)   Resolving deltas:  87% (13827/15877)   Resolving deltas:  88% (13978/15877)   Resolving deltas:  89% (14143/15877)   Resolving deltas:  90% (14291/15877)   Resolving deltas:  91% (14465/15877)   Resolving deltas:  92% (14642/15877)   Resolving deltas:  93% (14796/15877)   Resolving deltas:  94% (15020/15877)   Resolving deltas:  95% (15203/15877)   Resolving deltas:  96% (15294/15877)   Resolving deltas:  97% (15422/15877)   Resolving deltas:  98% (15578/15877)   Resolving deltas:  99% (15731/15877)   Resolving deltas: 100% (15877/15877)   Resolving deltas: 100% (15877/15877), done.
bash-3.2$ ls
total 0
drwxr-xr-x  16 nick  staff  544 Jul 10 15:43 [34mjquery-ui[m[m
bash-3.2$ ls
total 0
drwxr-xr-x  16 nick  staff  544 Jul 10 15:43 [34mjquery-ui[m[m
bash-3.2$ rm -R jquery-ui/
override r--r--r--  nick/staff for jquery-ui//.git/objects/pack/pack-ff8f507a3c39df60e0bcb1d445ac52f4be125827.idx? ^C
bash-3.2$ rm -R jquery-ui/f jquery-ui/
bash-3.2$ wgt[Ket http://code.jquery.com/jquery-1.4.2.min.js
  % Total    % Received % Xferd  Average Speed   Time    Time     Time  Current
                                 Dload  Upload   Total   Spent    Left  Speed
  0     0    0     0    0     0      0      0 --:--:-- --:--:-- --:--:--     0100 72174  100 72174    0     0   246k      0 --:--:-- --:--:-- --:--:--  327k
bash-3.2$ ls
total 144
-rw-r--r--  1 nick  staff  72174 Jul 10 15:45 jquery-1.4.2.min.js
bash-3.2$ pqd
bash: pqd: command not found
bash-3.2$ pw
bash: pw: command not found
bash-3.2$ pwd
/Users/nick/Desktop/Code/flask_test/static/script
bash-3.2$ o[Kls
total 144
-rw-r--r--  1 nick  staff  72174 Jul 10 15:45 jquery-1.4.2.min.js
bash-3.2$ 